[
    "isZero",
    "isNegative",
    "isNegativeOrZero",
    "isPositive",
    "isPositiveOrZero",
    "toString",
    "toFloat",
    "inCents"
]
