"""The `Percentage` scalar type represents a percentage."""
scalar Percentage